// Jest Snapshot v1, https://goo.gl/fbAQLP

exports[`Modal does not crash 1`] = `
<div
  className="modal__wrapper"
>
  <ClickOutside
    onClickOutside={[MockFunction]}
  >
    <div
      className="modal__container"
    >
      <button
        className="modal__close"
        onClick={[MockFunction]}
        type="button"
      />
      content
    </div>
  </ClickOutside>
</div>
`;
